export const snapshot = {};

snapshot[`parser 1`] = `"(document (section (atx_heading (atx_h1_marker) heading_content: (inline)) (paragraph (inline)) (section (atx_heading (atx_h2_marker) heading_content: (inline)) (list (list_item (list_marker_minus) (paragraph (inline))) (list_item (list_marker_minus) (paragraph (inline (block_continuation)))) (list_item (list_marker_minus) (paragraph (inline (block_continuation))))))))"`;
